[2025-07-31T23:24:05.795Z] GET /
[2025-07-31T23:24:13.806Z] GET /api/users
[2025-07-31T23:24:13.840Z] GET /favicon.ico
[2025-07-31T23:26:00.838Z] POST /api/users | Body: {"name":"Dagoberto Salas Cordero","job":"QA Functional"}
[2025-07-31T23:26:50.939Z] POST /api/users | Body: {"name":"Dagoberto Salas Cordero","job":"QA Functional"}
[2025-07-31T23:43:36.833Z] POST /api/users | Body: {"name":"Brayner Rosales","job":"QA Functional"}
[2025-07-31T23:43:54.596Z] GET /api/users
[2025-08-01T00:22:58.159Z] GET /api/users
[2025-08-01T00:23:10.862Z] POST /api/users | Body: {"name":"Dagoberto Salas Cordero","job":"QA Functional"}
[2025-08-01T00:23:54.544Z] POST /api/users | Body: {"name":"Diego Carvajal","job":"Perro Rico"}
[2025-08-01T00:24:11.311Z] GET /api/users
[2025-08-02T15:23:42.832Z] GET /api/users
[2025-08-02T15:27:52.483Z] DELETE /api/users/123
[2025-08-02T15:27:59.870Z] DELETE /api/users/ABC
[2025-08-02T16:18:10.364Z] DELETE /api/users/ABC
[2025-08-02T16:35:23.632Z] DELETE /api/users/ABC
[2025-08-02T16:36:27.534Z] DELETE /api/users/ABC
[2025-08-02T16:37:49.752Z] DELETE /api/users/ABC
[2025-08-02T16:38:02.395Z] DELETE /api/users/ABC
[2025-08-02T16:40:05.946Z] DELETE /api/users/ABC
[2025-08-02T16:42:52.641Z] DELETE /api/users/ABC
[2025-08-02T16:44:35.257Z] DELETE /api/users/ABC
